// Jest Snapshot v1, https://goo.gl/fbAQLP

exports[`ThemeManager add theme component 1`] = `
Object {
  "base": Object {
    "gap": 4,
    "gapUnit": "px",
  },
  "color": [Function],
  "colors": Object {
    "backgroundColors": Object {
      "red": Color {
        "a": 1,
        "b": 0,
        "contrast": [Function],
        "darken": [Function],
        "g": 0,
        "getNonAlphaColor": [Function],
        "h": 0,
        "hasAlpha": [Function],
        "l": 50,
        "lighten": [Function],
        "luminance": [Function],
        "r": 255,
        "s": 100,
        "toString": [Function],
        "wcagContrast": [Function],
      },
    },
    "palette": Object {
      "red": Color {
        "a": 1,
        "b": 0,
        "contrast": [Function],
        "darken": [Function],
        "g": 0,
        "getNonAlphaColor": [Function],
        "h": 0,
        "hasAlpha": [Function],
        "l": 50,
        "lighten": [Function],
        "luminance": [Function],
        "r": 255,
        "s": 100,
        "toString": [Function],
        "wcagContrast": [Function],
      },
    },
    "textColors": Object {
      "white": Color {
        "a": 1,
        "b": 255,
        "contrast": [Function],
        "darken": [Function],
        "g": 255,
        "getNonAlphaColor": [Function],
        "h": 0,
        "hasAlpha": [Function],
        "l": 100,
        "lighten": [Function],
        "luminance": [Function],
        "r": 255,
        "s": 0,
        "toString": [Function],
        "wcagContrast": [Function],
      },
    },
  },
  "newThemeComponent": Object {
    "backgroundColor": Color {
      "a": 1,
      "b": 0,
      "contrast": [Function],
      "darken": [Function],
      "g": 0,
      "getNonAlphaColor": [Function],
      "h": 0,
      "hasAlpha": [Function],
      "l": 0,
      "lighten": [Function],
      "luminance": [Function],
      "r": 0,
      "s": 0,
      "toString": [Function],
      "wcagContrast": [Function],
    },
  },
  "spaces": Object {
    "l": 10,
    "m": 4,
    "none": 0,
    "s": 2,
    "xl": 15,
    "xs": 1,
    "xxl": 20,
  },
  "spacing": [Function],
}
`;

exports[`ThemeManager add theme component with default 1`] = `
Object {
  "base": Object {
    "gap": 4,
    "gapUnit": "px",
  },
  "color": [Function],
  "colors": Object {
    "backgroundColors": Object {
      "red": Color {
        "a": 1,
        "b": 0,
        "contrast": [Function],
        "darken": [Function],
        "g": 0,
        "getNonAlphaColor": [Function],
        "h": 0,
        "hasAlpha": [Function],
        "l": 50,
        "lighten": [Function],
        "luminance": [Function],
        "r": 255,
        "s": 100,
        "toString": [Function],
        "wcagContrast": [Function],
      },
    },
    "palette": Object {
      "red": Color {
        "a": 1,
        "b": 0,
        "contrast": [Function],
        "darken": [Function],
        "g": 0,
        "getNonAlphaColor": [Function],
        "h": 0,
        "hasAlpha": [Function],
        "l": 50,
        "lighten": [Function],
        "luminance": [Function],
        "r": 255,
        "s": 100,
        "toString": [Function],
        "wcagContrast": [Function],
      },
    },
    "textColors": Object {
      "white": Color {
        "a": 1,
        "b": 255,
        "contrast": [Function],
        "darken": [Function],
        "g": 255,
        "getNonAlphaColor": [Function],
        "h": 0,
        "hasAlpha": [Function],
        "l": 100,
        "lighten": [Function],
        "luminance": [Function],
        "r": 255,
        "s": 0,
        "toString": [Function],
        "wcagContrast": [Function],
      },
    },
  },
  "newThemeComponent": Object {
    "backgroundColor": Color {
      "a": 1,
      "b": 0,
      "contrast": [Function],
      "darken": [Function],
      "g": 0,
      "getNonAlphaColor": [Function],
      "h": 0,
      "hasAlpha": [Function],
      "l": 0,
      "lighten": [Function],
      "luminance": [Function],
      "r": 0,
      "s": 0,
      "toString": [Function],
      "wcagContrast": [Function],
    },
  },
  "spaces": Object {
    "l": 10,
    "m": 4,
    "none": 0,
    "s": 2,
    "xl": 15,
    "xs": 1,
    "xxl": 20,
  },
  "spacing": [Function],
}
`;
