// Jest Snapshot v1, https://goo.gl/fbAQLP

exports[`ThemeManager add theme component 1`] = `
Object {
  "backgroundColors": Object {
    "red": Color {
      "a": 1,
      "b": 0,
      "contrast": [Function],
      "darken": [Function],
      "g": 0,
      "getNonAlphaColor": [Function],
      "h": 0,
      "hasAlpha": [Function],
      "hex": [Function],
      "hsl": [Function],
      "l": 50,
      "lighten": [Function],
      "luminance": [Function],
      "r": 255,
      "rgb": [Function],
      "s": 100,
      "toString": [Function],
      "wcagContrast": [Function],
    },
  },
  "newThemeComponent": Object {
    "backgroundColor": Color {
      "a": 1,
      "b": 0,
      "contrast": [Function],
      "darken": [Function],
      "g": 0,
      "getNonAlphaColor": [Function],
      "h": 0,
      "hasAlpha": [Function],
      "hex": [Function],
      "hsl": [Function],
      "l": 0,
      "lighten": [Function],
      "luminance": [Function],
      "r": 0,
      "rgb": [Function],
      "s": 0,
      "toString": [Function],
      "wcagContrast": [Function],
    },
  },
  "palette": Object {
    "red": Color {
      "a": 1,
      "b": 0,
      "contrast": [Function],
      "darken": [Function],
      "g": 0,
      "getNonAlphaColor": [Function],
      "h": 0,
      "hasAlpha": [Function],
      "hex": [Function],
      "hsl": [Function],
      "l": 50,
      "lighten": [Function],
      "luminance": [Function],
      "r": 255,
      "rgb": [Function],
      "s": 100,
      "toString": [Function],
      "wcagContrast": [Function],
    },
  },
  "textColors": Object {
    "white": Color {
      "a": 1,
      "b": 255,
      "contrast": [Function],
      "darken": [Function],
      "g": 255,
      "getNonAlphaColor": [Function],
      "h": 0,
      "hasAlpha": [Function],
      "hex": [Function],
      "hsl": [Function],
      "l": 100,
      "lighten": [Function],
      "luminance": [Function],
      "r": 255,
      "rgb": [Function],
      "s": 0,
      "toString": [Function],
      "wcagContrast": [Function],
    },
  },
}
`;

exports[`ThemeManager add theme component with default 1`] = `
Object {
  "backgroundColors": Object {
    "red": Color {
      "a": 1,
      "b": 0,
      "contrast": [Function],
      "darken": [Function],
      "g": 0,
      "getNonAlphaColor": [Function],
      "h": 0,
      "hasAlpha": [Function],
      "hex": [Function],
      "hsl": [Function],
      "l": 50,
      "lighten": [Function],
      "luminance": [Function],
      "r": 255,
      "rgb": [Function],
      "s": 100,
      "toString": [Function],
      "wcagContrast": [Function],
    },
  },
  "newThemeComponent": Object {
    "backgroundColor": Color {
      "a": 1,
      "b": 0,
      "contrast": [Function],
      "darken": [Function],
      "g": 0,
      "getNonAlphaColor": [Function],
      "h": 0,
      "hasAlpha": [Function],
      "hex": [Function],
      "hsl": [Function],
      "l": 0,
      "lighten": [Function],
      "luminance": [Function],
      "r": 0,
      "rgb": [Function],
      "s": 0,
      "toString": [Function],
      "wcagContrast": [Function],
    },
  },
  "palette": Object {
    "red": Color {
      "a": 1,
      "b": 0,
      "contrast": [Function],
      "darken": [Function],
      "g": 0,
      "getNonAlphaColor": [Function],
      "h": 0,
      "hasAlpha": [Function],
      "hex": [Function],
      "hsl": [Function],
      "l": 50,
      "lighten": [Function],
      "luminance": [Function],
      "r": 255,
      "rgb": [Function],
      "s": 100,
      "toString": [Function],
      "wcagContrast": [Function],
    },
  },
  "textColors": Object {
    "white": Color {
      "a": 1,
      "b": 255,
      "contrast": [Function],
      "darken": [Function],
      "g": 255,
      "getNonAlphaColor": [Function],
      "h": 0,
      "hasAlpha": [Function],
      "hex": [Function],
      "hsl": [Function],
      "l": 100,
      "lighten": [Function],
      "luminance": [Function],
      "r": 255,
      "rgb": [Function],
      "s": 0,
      "toString": [Function],
      "wcagContrast": [Function],
    },
  },
}
`;
